
> tv25@1.0.0 build
> next build

Ôû▓ Next.js 16.1.1 (Turbopack)
- Environments: .env.local, .env
- Experiments (use with caution):
  ┬À optimizePackageImports
  ┬À serverActions

node.exe : ÔÜá The "middleware" file convention is 
deprecated. Please use "proxy" instead. Learn more: 
https://nextjs.org/docs/messages/middleware-to-proxy
At line:1 char:1
+ & "C:\Program Files\nodejs/node.exe" 
"C:\Users\doruk\AppData\Roaming\ ...
+ ~~~~~~~~~~~~~~~~~~~~~~~~~~~~~~~~~~~~~~~~~~~~~~~~~~~~~
~~~~~~~~~~~~~~~~
    + CategoryInfo          : NotSpecified: (ÔÜá The " 
   middle...leware-to-proxy:String) [], RemoteExcepti  
  on
    + FullyQualifiedErrorId : NativeCommandError
 
  Creating an optimized production build ...
Ô£ô Compiled successfully in 23.2s
  Skipping validation of types
  Collecting page data using 11 workers ...
ÔÜá Using edge runtime on a page currently disables 
static generation for that page
  Generating static pages using 11 workers (0/70) ...
  Generating static pages using 11 workers (17/70) 
  Generating static pages using 11 workers (34/70) 
  Generating static pages using 11 workers (52/70) 
The width(-1) and height(-1) of chart should be 
greater than 0,
       please check the style of container, or the 
props width(100%) and height(100%),
       or add a minWidth(0) or minHeight(undefined) or 
use aspect(undefined) to control the
       height and width.
The width(-1) and height(-1) of chart should be 
greater than 0,
       please check the style of container, or the 
props width(100%) and height(100%),
       or add a minWidth(0) or minHeight(undefined) or 
use aspect(undefined) to control the
       height and width.
Ô£ô Generating static pages using 11 workers (70/70) in 2.1s
  Finalizing page optimization ...

Route (app)
Ôöî Ôùï /
Ôö£ Ôùï /_not-found
Ôö£ Ôùï /about
Ôö£ Ôùï /admin
Ôö£ Ôùï /admin/achievements
Ôö£ Ôùï /admin/analytics
Ôö£ Ôùï /admin/sales
Ôö£ Ôùï /admin/users
Ôö£ Ôùï /analiz
Ôö£ Ôùï /analytics
Ôö£ ãÆ /analytics/users/[userId]
Ôö£ ãÆ /api/achievements
Ôö£ ãÆ /api/admin
Ôö£ ãÆ /api/admin/user-ban
Ôö£ ãÆ /api/admin/user-role
Ôö£ ãÆ /api/admin/users
Ôö£ ãÆ /api/ai/assistant
Ôö£ ãÆ /api/analytics
Ôö£ ãÆ /api/analytics/content/[contentId]
Ôö£ ãÆ /api/analytics/engagement
Ôö£ ãÆ /api/analytics/track
Ôö£ ãÆ /api/analytics/user/metrics
Ôö£ ãÆ /api/auth
Ôö£ ãÆ /api/auth/calendar/[provider]
Ôö£ ãÆ /api/auth/calendar/[provider]/callback
Ôö£ ãÆ /api/auth/callback
Ôö£ ãÆ /api/calls
Ôö£ ãÆ /api/calls/[id]
Ôö£ ãÆ /api/calls/[id]/participants
Ôö£ ãÆ /api/comments/[commentId]
Ôö£ ãÆ /api/comments/folders/[folderId]
Ôö£ ãÆ /api/content/sync-folder
Ôö£ ãÆ /api/cron/cleanup-expired-reservations
Ôö£ ãÆ /api/cron/process-gdpr-deletions
Ôö£ ãÆ /api/email
Ôö£ ãÆ /api/health
Ôö£ ãÆ /api/hue
Ôö£ ãÆ /api/items/[itemId]/stats
Ôö£ ãÆ /api/items/[itemId]/style
Ôö£ ãÆ /api/likes/[targetId]
Ôö£ ãÆ /api/likes/toggle
Ôö£ ãÆ /api/likes/trending/[targetType]
Ôö£ ãÆ /api/meetings
Ôö£ ãÆ /api/meetings/[id]
Ôö£ ãÆ /api/meetings/[id]/participants
Ôö£ ãÆ /api/meetings/[id]/recording
Ôö£ ãÆ /api/message-groups
Ôö£ ãÆ /api/message-groups/[id]
Ôö£ ãÆ /api/message-groups/[id]/members
Ôö£ ãÆ /api/payments
Ôö£ ãÆ /api/profile-slugs
Ôö£ ãÆ /api/profile-slugs/[id]
Ôö£ ãÆ /api/profile-slugs/public/[slug]
Ôö£ ãÆ /api/referral/apply
Ôö£ ãÆ /api/referral/claim
Ôö£ ãÆ /api/referral/generate
Ôö£ ãÆ /api/referral/stats
Ôö£ ãÆ /api/referral/verify
Ôö£ ãÆ /api/sharing/create
Ôö£ ãÆ /api/sharing/link
Ôö£ ãÆ /api/sharing/stats/[itemId]
Ôö£ ãÆ /api/social-groups
Ôö£ ãÆ /api/social-groups/[id]
Ôö£ ãÆ /api/social-groups/[id]/invites
Ôö£ ãÆ /api/social-groups/[id]/join-requests
Ôö£ ãÆ /api/social-groups/[id]/posts
Ôö£ ãÆ /api/training
Ôö£ ãÆ /api/users
Ôö£ ãÆ /api/users/[id]
Ôö£ Ôùï /auth
Ôö£ Ôùï /auth/callback
Ôö£ Ôùï /auth/reset-password
Ôö£ Ôùï /canvas
Ôö£ Ôùï /cart
Ôö£ Ôùï /corporate
Ôö£ Ôùï /dashboard/analytics
Ôö£ Ôùï /features
Ôö£ Ôùï /guest
Ôö£ ãÆ /icon
Ôö£ ãÆ /inventory/[id]
Ôö£ Ôùï /inventory/wishlist
Ôö£ Ôùï /kurumlar
Ôö£ Ôùï /kvkk
Ôö£ Ôùï /login
Ôö£ Ôùï /orders
Ôö£ ãÆ /orders/[id]
Ôö£ Ôùï /popout
Ôö£ Ôùï /pricing
Ôö£ Ôùï /pricing/compare
Ôö£ Ôùï /privacy
Ôö£ Ôùï /products
Ôö£ Ôùï /profile/purchase-history
Ôö£ Ôùï /profile/subscriptions
Ôö£ Ôùï /register
Ôö£ Ôùï /scan
Ôö£ ãÆ /shared/[slug]
Ôöö Ôùï /test-ai


ãÆ Proxy (Middleware)

Ôùï  (Static)   prerendered as static content
ãÆ  (Dynamic)  server-rendered on demand

